// Jest Snapshot v1, https://goo.gl/fbAQLP

exports[`ProductCounter component ProductCounter component render 1`] = `
ShallowWrapper {
  Symbol(enzyme.__root__): [Circular],
  Symbol(enzyme.__unrendered__): <ProductCounter />,
  Symbol(enzyme.__renderer__): Object {
    "batchedUpdates": [Function],
    "checkPropTypes": [Function],
    "getNode": [Function],
    "render": [Function],
    "simulateError": [Function],
    "simulateEvent": [Function],
    "unmount": [Function],
  },
  Symbol(enzyme.__node__): Object {
    "instance": null,
    "key": undefined,
    "nodeType": "host",
    "props": Object {
      "children": Array [
        <button
          className="product-counter-btn"
          onClick={[Function]}
        >
          -
        </button>,
        <input
          className="product-counter-value"
          onInput={[Function]}
          type="tel"
          value={0}
        />,
        <button
          className="product-counter-btn"
          onClick={[Function]}
        >
          +
        </button>,
      ],
      "className": "product-counter",
    },
    "ref": null,
    "rendered": Array [
      Object {
        "instance": null,
        "key": undefined,
        "nodeType": "host",
        "props": Object {
          "children": "-",
          "className": "product-counter-btn",
          "onClick": [Function],
        },
        "ref": null,
        "rendered": "-",
        "type": "button",
      },
      Object {
        "instance": null,
        "key": undefined,
        "nodeType": "host",
        "props": Object {
          "className": "product-counter-value",
          "onInput": [Function],
          "type": "tel",
          "value": 0,
        },
        "ref": null,
        "rendered": null,
        "type": "input",
      },
      Object {
        "instance": null,
        "key": undefined,
        "nodeType": "host",
        "props": Object {
          "children": "+",
          "className": "product-counter-btn",
          "onClick": [Function],
        },
        "ref": null,
        "rendered": "+",
        "type": "button",
      },
    ],
    "type": "div",
  },
  Symbol(enzyme.__nodes__): Array [
    Object {
      "instance": null,
      "key": undefined,
      "nodeType": "host",
      "props": Object {
        "children": Array [
          <button
            className="product-counter-btn"
            onClick={[Function]}
          >
            -
          </button>,
          <input
            className="product-counter-value"
            onInput={[Function]}
            type="tel"
            value={0}
          />,
          <button
            className="product-counter-btn"
            onClick={[Function]}
          >
            +
          </button>,
        ],
        "className": "product-counter",
      },
      "ref": null,
      "rendered": Array [
        Object {
          "instance": null,
          "key": undefined,
          "nodeType": "host",
          "props": Object {
            "children": "-",
            "className": "product-counter-btn",
            "onClick": [Function],
          },
          "ref": null,
          "rendered": "-",
          "type": "button",
        },
        Object {
          "instance": null,
          "key": undefined,
          "nodeType": "host",
          "props": Object {
            "className": "product-counter-value",
            "onInput": [Function],
            "type": "tel",
            "value": 0,
          },
          "ref": null,
          "rendered": null,
          "type": "input",
        },
        Object {
          "instance": null,
          "key": undefined,
          "nodeType": "host",
          "props": Object {
            "children": "+",
            "className": "product-counter-btn",
            "onClick": [Function],
          },
          "ref": null,
          "rendered": "+",
          "type": "button",
        },
      ],
      "type": "div",
    },
  ],
  Symbol(enzyme.__options__): Object {
    "adapter": ReactSixteenAdapter {
      "options": Object {
        "enableComponentDidUpdateOnSetState": true,
        "legacyContextMode": "parent",
        "lifecycles": Object {
          "componentDidUpdate": Object {
            "onSetState": true,
          },
          "getChildContext": Object {
            "calledByRenderer": false,
          },
          "getDerivedStateFromProps": true,
          "getSnapshotBeforeUpdate": true,
          "setState": Object {
            "skipsComponentDidUpdateOnNullish": true,
          },
        },
      },
    },
  },
  Symbol(enzyme.__childContext__): null,
}
`;
